[foxiz.themeruby.com/tech/index.html]
[backblue.gif]
[fade.gif]
[index.html]
[foxiz.themeruby.com/default/wp-content/uploads/sites/2/2021/09/search-bg.jpg]
[foxiz.themeruby.com/tech/comments/feed/index.html]
[foxiz.themeruby.com/tech/feed/index.html]
[foxiz.themeruby.com/tech/wp-json/index.html]
[foxiz.themeruby.com/tech/wp-json/wp/v2/pages/1465.json]
[foxiz.themeruby.com/tech/xmlrpc0db0.php]
[foxiz.themeruby.com/tech/wp-includes/wlwmanifest.xml]
[foxiz.themeruby.com/tech/wp-json/oembed/1.0/embed8520.json]
[foxiz.themeruby.com/tech/wp-json/oembed/1.0/embedcd36]
[foxiz.themeruby.com/tech/wp-content/uploads/sites/3/2022/01/logo-t.png]
[foxiz.themeruby.com/tech/wp-content/uploads/sites/3/2022/01/cat-4-860x573.jpg]
[foxiz.themeruby.com/tech/home-2/index.html]
[foxiz.themeruby.com/tech/wp-content/uploads/sites/3/2022/02/ct7-860x573.jpg]
[foxiz.themeruby.com/tech/home-3/index.html]
[foxiz.themeruby.com/tech/home-4/index.html]
[foxiz.themeruby.com/tech/category/technology/index.html]
[foxiz.themeruby.com/tech/wp-content/uploads/sites/3/2021/12/t43-150x150.jpg]
[foxiz.themeruby.com/tech/home-5/index.html]
[foxiz.themeruby.com/tech/corsair-hs80-rgb-wireless-gaming-headset-review/index.html]
[foxiz.themeruby.com/tech/wp-content/uploads/sites/3/2021/12/36-150x150.jpg]
[foxiz.themeruby.com/tech/top-tech-trends-great-gadgets-to-help-you/index.html]
[foxiz.themeruby.com/tech/wp-content/uploads/sites/3/2021/12/10-150x150.jpg]
[foxiz.themeruby.com/tech/part-time-trading-on-forex-as-an-alternative-income/index.html]
[foxiz.themeruby.com/tech/wp-content/uploads/sites/3/2021/12/sponsor-4.png]
[foxiz.themeruby.com/tech/top-10-best-portable-bluetooth-speakers-for-summer-fun/index.html]
[foxiz.themeruby.com/tech/apple-jul-announcement-what-a-refresh-for-macbook/index.html]
[foxiz.themeruby.com/tech/wp-content/uploads/sites/3/2021/12/sponsor-light-4.png]
[foxiz.themeruby.com/tech/wp-content/uploads/sites/3/2021/12/t40-330x220.jpg]
[foxiz.themeruby.com/tech/advantages-and-disadvantages-of-having-smartphone/index.html]
[foxiz.themeruby.com/tech/category/gadget/index.html]
[foxiz.themeruby.com/tech/best-fujifilm-cameras-for-every-photographer/index.html]
[foxiz.themeruby.com/tech/wp-content/uploads/sites/3/2021/12/t41-330x220.jpg]
[foxiz.themeruby.com/tech/canon-eos-5d-mark-iv-full-frame-digital-slr-camera/index.html]
[foxiz.themeruby.com/tech/seeking-suggestions-regarding-headsets-for-conference-interpreters/index.html]
[foxiz.themeruby.com/tech/wp-content/uploads/sites/3/2021/12/t17-330x220.jpg]
[foxiz.themeruby.com/tech/wp-content/uploads/sites/3/2021/12/t3-330x220.jpg]
[foxiz.themeruby.com/tech/portable-bluetooth-speakersthat-can-go-literally-anywhere/index.html]
[foxiz.themeruby.com/tech/wp-content/uploads/sites/3/2021/12/t13-330x220.jpg]
[foxiz.themeruby.com/tech/should-i-replace-my-upright-vacuum-with-a-cleaning-robot/index.html]
[foxiz.themeruby.com/tech/heres-why-business-needs-a-mobile-friendly-website/index.html]
[foxiz.themeruby.com/tech/ai-chips-that-made-it-to-the-market-in-2022/index.html]
[foxiz.themeruby.com/tech/how-to-buy-a-best-smartwatch-or-fitness-tracker-right-now/index.html]
[foxiz.themeruby.com/tech/start-a-digital-marketing-website-for-your-service/index.html]
[foxiz.themeruby.com/tech/bluetooth-technology-work-in-tandem-for-indoor-positioning-system/index.html]
[foxiz.themeruby.com/tech/ways-to-play-music-using-your-amazon-echo/index.html]
[foxiz.themeruby.com/tech/top-rated-products-in-wireless-portable-bluetooth-speakers/index.html]
[foxiz.themeruby.com/tech/404-page]
[foxiz.themeruby.com/tech/archt-audio-debuts-it-is-new-mini-wireless-speaker/index.html]
[foxiz.themeruby.com/tech/10-reasons-to-choose-playstation-5-as-your-next-console/index.html]
[foxiz.themeruby.com/tech/best-beaches-in-the-uk-for-the-perfect-sandy-getaway/index.html]
[foxiz.themeruby.com/tech/linkedin-launches-new-formats-for-live-events/index.html]
[foxiz.themeruby.com/tech/top-10-largest-hot-high-quality-earphone-handsfree/index.html]
[foxiz.themeruby.com/tech/wp-login95d2.html]
[foxiz.themeruby.com/tech/the-samsung-galaxy-s21-ultra-5g-awarded-best-smartphone/index.html]
[foxiz.themeruby.com/tech/apples-iphone-13-the-best-value-buy-among-all-iphones/index.html]
[foxiz.themeruby.com/tech/apple-iphone-13-pro-battery-highly-efficient-device/index.html]
[foxiz.themeruby.com/tech/future-changes-shape-express-yourself-with-galaxy-z-flip/index.html]
[foxiz.themeruby.com/tech/wp-content/uploads/sites/3/2021/12/t40-150x150.jpg]
[foxiz.themeruby.com/tech/catch-the-best-iphone-13-deals-plus-your-favorite-gadgets/index.html]
[foxiz.themeruby.com/tech/sw-tech-shows-the-future-of-next-gen-vr-with-prototype-headset/index.html]
[foxiz.themeruby.com/tech/wp-content/uploads/sites/3/2021/12/t12-150x150.jpg]
[foxiz.themeruby.com/tech/5-ways-to-manage-your-spending-on-multiple-credit-cards/index.html]
[foxiz.themeruby.com/tech/iphone-13-mini-review-the-small-phone-thats-actually-good/index.html]
[foxiz.themeruby.com/tech/wp-content/uploads/sites/3/2021/12/t41-150x150.jpg]
[foxiz.themeruby.com/tech/blog/index.html]
[foxiz.themeruby.com/tech/wp-content/uploads/sites/3/2021/12/t17-150x150.jpg]
[foxiz.themeruby.com/tech/contact/index.html]
[foxiz.themeruby.com/tech/index623c.html]
[foxiz.themeruby.com/tech/my-bookmarks/index.html]
[foxiz.themeruby.com/tech/customize-interests/index.html]
[foxiz.themeruby.com/tech/are-smartwatches-the-future-of-wearable-devices/index.html]
[foxiz.themeruby.com/tech/wp-content/uploads/sites/3/2021/12/t20-150x150.jpg]
[foxiz.themeruby.com/tech/category/tech-news/index.html]
[foxiz.themeruby.com/tech/wp-content/uploads/sites/3/2021/12/t40-615x410.jpg]
[foxiz.themeruby.com/tech/category/mobile/index.html]
[foxiz.themeruby.com/tech/wp-content/uploads/sites/3/2021/12/t12-615x410.jpg]
[foxiz.themeruby.com/tech/wp-content/uploads/sites/3/2022/01/avatar-60x60.jpg]
[foxiz.themeruby.com/tech/author/technology/index.html]
[foxiz.themeruby.com/tech/wp-content/uploads/sites/3/2021/12/t14-420x280.jpg]
[foxiz.themeruby.com/tech/wp-content/uploads/sites/3/2021/12/t17-420x280.jpg]
[foxiz.themeruby.com/tech/wp-content/uploads/sites/3/2021/12/t20-420x280.jpg]
[foxiz.themeruby.com/tech/wp-content/uploads/sites/3/2021/12/t24-420x280.jpg]
[foxiz.themeruby.com/tech/wp-content/uploads/sites/3/2021/12/t44-420x280.jpg]
[foxiz.themeruby.com/tech/wp-content/uploads/sites/3/2021/12/sponsor-1.png]
[foxiz.themeruby.com/tech/wp-content/uploads/sites/3/2021/12/sponsor-light-1.png]
[foxiz.themeruby.com/tech/wp-content/uploads/sites/3/2021/12/t3-420x280.jpg]
[foxiz.themeruby.com/tech/wp-content/uploads/sites/3/2021/12/t13-420x280.jpg]
[foxiz.themeruby.com/tech/wp-content/uploads/sites/3/2022/02/banner-ad.jpg]
[foxiz.themeruby.com/tech/wp-content/uploads/sites/3/2021/12/22-420x280.jpg]
[foxiz.themeruby.com/tech/wp-content/uploads/sites/3/2021/12/t2.-150x150.jpg]
[foxiz.themeruby.com/tech/wp-content/uploads/sites/3/2021/08/t12-150x150.jpg]
[foxiz.themeruby.com/tech/wp-content/uploads/sites/3/2021/11/maxresdefault-3.jpg]
[foxiz.themeruby.com/tech/wp-content/uploads/sites/3/2021/11/maxresdefault.jpg]
[foxiz.themeruby.com/tech/wp-content/uploads/sites/3/2021/11/maxresdefault-1.jpg]
[foxiz.themeruby.com/tech/wp-content/uploads/sites/3/2021/11/maxresdefault-2.jpg]
[foxiz.themeruby.com/tech/wp-content/uploads/sites/3/2021/11/maxresdefault-4.jpg]
[foxiz.themeruby.com/tech/wp-content/uploads/sites/3/2021/12/t20-330x220.jpg]
[foxiz.themeruby.com/tech/wp-content/uploads/sites/3/2021/12/t14-330x220.jpg]
[foxiz.themeruby.com/tech/wp-content/uploads/sites/3/2021/12/t19-330x220.jpg]
[foxiz.themeruby.com/tech/the-4-best-laptops-in-2021-for-work-general-use/index.html]
[foxiz.themeruby.com/tech/wp-content/uploads/sites/3/2021/12/t9-1-420x280.jpg]
[foxiz.themeruby.com/tech/wp-content/uploads/sites/3/2021/12/t15-1-420x280.jpg]
[foxiz.themeruby.com/tech/wp-content/uploads/sites/3/2022/01/cat-4-420x280.jpg]
[foxiz.themeruby.com/tech/wp-content/uploads/sites/3/2021/12/t6-1-420x280.jpg]
[foxiz.themeruby.com/tech/wp-content/uploads/sites/3/2021/12/t600-860x573.jpg]
[foxiz.themeruby.com/tech/wp-content/uploads/sites/3/2021/12/40-420x280.jpg]
[foxiz.themeruby.com/tech/wp-content/uploads/sites/3/2021/12/35-420x280.jpg]
[foxiz.themeruby.com/tech/wp-content/uploads/sites/3/2021/12/7-420x280.jpg]
[foxiz.themeruby.com/tech/wp-content/uploads/sites/3/2021/12/36-860x573.jpg]
[foxiz.themeruby.com/tech/wp-content/uploads/sites/3/2021/12/31-420x280.jpg]
[foxiz.themeruby.com/tech/wp-content/uploads/sites/3/2021/12/26-420x280.jpg]
[foxiz.themeruby.com/tech/wp-content/uploads/sites/3/2021/12/30-420x280.jpg]
[foxiz.themeruby.com/tech/wp-content/uploads/sites/3/2022/01/sb-light-banner.jpg]
[foxiz.themeruby.com/tech/wp-content/uploads/sites/3/2022/01/sb-banner.jpg]
[foxiz.themeruby.com/tech/wp-content/uploads/sites/3/2021/12/t44-200x135.jpg]
[foxiz.themeruby.com/tech/wp-content/uploads/sites/3/2021/12/31-200x135.jpg]
[foxiz.themeruby.com/tech/wp-content/uploads/sites/3/2021/12/t45-200x135.jpg]
[foxiz.themeruby.com/tech/wp-content/uploads/sites/3/2021/12/sponsor-2.png]
[foxiz.themeruby.com/tech/wp-content/uploads/sites/3/2021/12/sponsor-light-2.png]
[foxiz.themeruby.com/tech/wp-content/uploads/sites/3/2022/01/footer-logo.png]
[foxiz.themeruby.com/tech/wp-content/plugins/foxiz-demos-selection-sale/sale.png]
[foxiz.themeruby.com/tech/wp-content/uploads/sites/3/2022/02/newsletter.jpg]
[foxiz.themeruby.com/tech/wp-content/uploads/sites/3/2022/02/login.png]
[foxiz.themeruby.com/tech/wp-loginc2b6.html]
[foxiz.themeruby.com/tech/index.html]
[foxiz.themeruby.com/tech/wp-content/cache/autoptimize/3/js/autoptimize_23f21e18a67393905ebd2f45fc9eab3f.js]
[foxiz.themeruby.com/tech/wp-json/wp/v2/pages/1814.json]
[foxiz.themeruby.com/tech/wp-json/oembed/1.0/embed2b51.json]
[foxiz.themeruby.com/tech/wp-json/oembed/1.0/embedd7a0]
[foxiz.themeruby.com/tech/wp-loginb143.html]
[foxiz.themeruby.com/tech/wp-content/uploads/sites/3/2021/12/t13.jpg]
[foxiz.themeruby.com/tech/wp-content/uploads/sites/3/2021/12/40.jpg]
[foxiz.themeruby.com/tech/wp-content/uploads/sites/3/2021/12/26-330x220.jpg]
[foxiz.themeruby.com/tech/wp-content/uploads/sites/3/2021/12/23-330x220.jpg]
[foxiz.themeruby.com/tech/wp-content/uploads/sites/3/2021/12/t45-860x688.jpg]
[foxiz.themeruby.com/tech/wp-content/uploads/sites/3/2021/12/t43-420x280.jpg]
[foxiz.themeruby.com/tech/wp-content/uploads/sites/3/2021/12/t4.-420x280.jpg]
[foxiz.themeruby.com/tech/wp-content/uploads/sites/3/2021/12/t14-150x150.jpg]
[foxiz.themeruby.com/tech/wp-content/uploads/sites/3/2021/12/t19-150x150.jpg]
[foxiz.themeruby.com/tech/wp-content/uploads/sites/3/2021/12/t15-150x150.jpg]
[foxiz.themeruby.com/tech/wp-content/uploads/sites/3/2021/12/31-150x150.jpg]
[foxiz.themeruby.com/tech/wp-content/uploads/sites/3/2021/12/30-150x150.jpg]
[foxiz.themeruby.com/tech/wp-content/uploads/sites/3/2021/12/t24-615x410.jpg]
[foxiz.themeruby.com/tech/wp-content/uploads/sites/3/2021/12/t44-615x410.jpg]
[foxiz.themeruby.com/tech/wp-content/uploads/sites/3/2021/12/t14-1-420x280.jpg]
[foxiz.themeruby.com/tech/samsung-galaxy-s21-colors-every-shade-available/index.html]
[foxiz.themeruby.com/tech/wp-content/uploads/sites/3/2021/12/t4.-150x150.jpg]
[foxiz.themeruby.com/tech/wp-content/uploads/sites/3/2021/12/t1-2-150x150.jpg]
[foxiz.themeruby.com/tech/wp-content/uploads/sites/3/2022/02/t42-150x150.jpg]
[foxiz.themeruby.com/tech/blog.html]
[foxiz.themeruby.com/tech/wp-content/uploads/sites/3/2021/12/t12-330x220.jpg]
[foxiz.themeruby.com/tech/how-tiktok-is-affecting-youth-positive-and-negative-effects/index.html]
[foxiz.themeruby.com/tech/wp-content/uploads/sites/3/2021/12/t24-330x220.jpg]
[foxiz.themeruby.com/tech/home-2/index.html]
[foxiz.themeruby.com/tech/wp-json/wp/v2/pages/1818.json]
[foxiz.themeruby.com/tech/wp-json/oembed/1.0/embed94cc.json]
[foxiz.themeruby.com/tech/wp-json/oembed/1.0/embed2d27]
[foxiz.themeruby.com/tech/wp-loginbf3e.html]
[foxiz.themeruby.com/tech/wp-content/uploads/sites/3/2021/12/23-860x573.jpg]
[foxiz.themeruby.com/tech/wp-content/uploads/sites/3/2021/12/t13-1-615x410.jpg]
[foxiz.themeruby.com/tech/wp-content/uploads/sites/3/2021/12/t13-615x410.jpg]
[foxiz.themeruby.com/tech/wp-content/uploads/sites/3/2021/12/26-615x410.jpg]
[foxiz.themeruby.com/tech/wp-content/uploads/sites/3/2021/12/t2.-615x410.jpg]
[foxiz.themeruby.com/tech/wp-content/uploads/sites/3/2021/12/t600-420x280.jpg]
[foxiz.themeruby.com/tech/wp-content/uploads/sites/3/2021/12/t3-150x150.jpg]
[foxiz.themeruby.com/tech/wp-content/uploads/sites/3/2021/12/t1-2-420x280.jpg]
[foxiz.themeruby.com/tech/wp-content/uploads/sites/3/2021/12/t13-1-150x150.jpg]
[foxiz.themeruby.com/tech/wp-content/uploads/sites/3/2021/12/t9-1-615x410.jpg]
[foxiz.themeruby.com/tech/wp-content/uploads/sites/3/2021/12/t15-1-615x410.jpg]
[foxiz.themeruby.com/tech/wp-content/uploads/sites/3/2022/01/cat-4-615x410.jpg]
[foxiz.themeruby.com/tech/wp-content/uploads/sites/3/2021/12/t6-1-615x410.jpg]
[foxiz.themeruby.com/tech/wp-content/uploads/sites/3/2021/12/t40-420x280.jpg]
[foxiz.themeruby.com/tech/wp-content/uploads/sites/3/2021/12/t12-420x280.jpg]
[foxiz.themeruby.com/tech/wp-content/uploads/sites/3/2021/12/t41-420x280.jpg]
[foxiz.themeruby.com/tech/home-3/index.html]
[foxiz.themeruby.com/tech/wp-json/wp/v2/pages/1822.json]
[foxiz.themeruby.com/tech/wp-json/oembed/1.0/embede303.json]
[foxiz.themeruby.com/tech/wp-json/oembed/1.0/embed8e86]
[foxiz.themeruby.com/tech/wp-logindbe0.html]
[foxiz.themeruby.com/tech/wp-content/uploads/sites/3/2021/12/t2..jpg]
[foxiz.themeruby.com/tech/wp-content/uploads/sites/3/2021/12/t13-1-420x280.jpg]
[foxiz.themeruby.com/tech/wp-content/uploads/sites/3/2021/12/23-420x280.jpg]
[foxiz.themeruby.com/tech/wp-content/uploads/sites/3/2021/12/t12-860x574.jpg]
[foxiz.themeruby.com/tech/wp-content/uploads/sites/3/2021/12/t44-330x220.jpg]
[foxiz.themeruby.com/tech/wp-content/uploads/sites/3/2021/12/40-330x220.jpg]
[foxiz.themeruby.com/tech/wp-content/uploads/sites/3/2021/12/t2.-420x280.jpg]
[foxiz.themeruby.com/tech/wp-content/uploads/sites/3/2021/08/t12-420x280.jpg]
[foxiz.themeruby.com/tech/wp-content/uploads/sites/3/2021/12/36-330x220.jpg]
[foxiz.themeruby.com/tech/wp-content/uploads/sites/3/2021/12/31-330x220.jpg]
[foxiz.themeruby.com/tech/wp-content/uploads/sites/3/2021/12/30-330x220.jpg]
[foxiz.themeruby.com/tech/wp-content/uploads/sites/3/2021/12/t20-860x573.jpg]
[foxiz.themeruby.com/tech/home-4/index.html]
[foxiz.themeruby.com/tech/wp-json/wp/v2/pages/1825.json]
[foxiz.themeruby.com/tech/wp-json/oembed/1.0/embed0805.json]
[foxiz.themeruby.com/tech/wp-json/oembed/1.0/embed6c5a]
[foxiz.themeruby.com/tech/wp-login29ef.html]
[foxiz.themeruby.com/tech/wp-content/uploads/sites/3/2021/12/23.jpg]
[foxiz.themeruby.com/tech/wp-content/uploads/sites/3/2021/12/26.jpg]
[foxiz.themeruby.com/tech/wp-content/uploads/sites/3/2021/12/t40-860x573.jpg]
[foxiz.themeruby.com/tech/home-5/index.html]
[foxiz.themeruby.com/tech/wp-json/wp/v2/categories/2.json]
[foxiz.themeruby.com/tech/category/technology/feed/index.html]
[foxiz.themeruby.com/tech/wp-login5420.html]
[foxiz.themeruby.com/tech/wp-content/uploads/sites/3/2022/01/cat-4.jpg]
[foxiz.themeruby.com/tech/category/technology/computer/index.html]
[foxiz.themeruby.com/tech/wp-content/uploads/sites/3/2022/02/ct7.jpg]
[foxiz.themeruby.com/tech/category/technology/electronics/index.html]
[foxiz.themeruby.com/tech/category/technology/innovation/index.html]
[foxiz.themeruby.com/tech/category/technology/smartphone/index.html]
[foxiz.themeruby.com/tech/wp-content/uploads/sites/3/2021/12/t43-615x410.jpg]
[foxiz.themeruby.com/tech/wp-content/uploads/sites/3/2021/12/36-615x410.jpg]
[foxiz.themeruby.com/tech/wp-content/uploads/sites/3/2021/12/10-860x484.jpg]
[foxiz.themeruby.com/tech/wp-content/uploads/sites/3/2021/12/t1-330x220.jpg]
[foxiz.themeruby.com/tech/wp-content/uploads/sites/3/2021/12/10-330x220.jpg]
[foxiz.themeruby.com/tech/wp-content/uploads/sites/3/2021/12/t43-330x220.jpg]
[foxiz.themeruby.com/tech/category/technology/index.html]
[foxiz.themeruby.com/tech/corsair-hs80-rgb-wireless-gaming-headset-review/feed/index.html]
[foxiz.themeruby.com/tech/wp-json/wp/v2/posts/1592.json]
[foxiz.themeruby.com/tech/wp-json/oembed/1.0/embed76e0.json]
[foxiz.themeruby.com/tech/wp-json/oembed/1.0/embedd5e1]
[foxiz.themeruby.com/tech/wp-login176b.html]
[foxiz.themeruby.com/tech/wp-content/uploads/sites/3/2022/01/avatar-150x150.jpg]
[foxiz.themeruby.com/tech/wp-content/uploads/sites/3/2021/12/t43-860x573.jpg]
[foxiz.themeruby.com/tech/wp-content/uploads/sites/3/2021/12/r8-150x150.jpg]
[foxiz.themeruby.com/tech/wp-content/uploads/sites/3/2021/12/ts3-1024x683.jpg]
[foxiz.themeruby.com/tech/wp-content/uploads/sites/3/2021/12/ts2-1024x576.jpg]
[foxiz.themeruby.com/tech/wp-content/uploads/sites/3/2021/12/ts1-1024x683.jpg]
[foxiz.themeruby.com/tech/wp-content/uploads/sites/3/2021/12/r8.jpg]
[foxiz.themeruby.com/cdn-cgi/scripts/5c5dd728/cloudflare-static/email-decode.min.js]
[foxiz.themeruby.com/tech/wp-content/uploads/sites/3/2021/12/t43.jpg]
[foxiz.themeruby.com/tech/wp-content/uploads/sites/3/2021/12/t45-150x150.jpg]
[foxiz.themeruby.com/tech/wp-content/uploads/sites/3/2021/12/22-150x150.jpg]
[foxiz.themeruby.com/tech/wp-content/uploads/sites/3/2021/12/36-420x280.jpg]
[foxiz.themeruby.com/tech/corsair-hs80-rgb-wireless-gaming-headset-review/index21b4.html]
[foxiz.themeruby.com/tech/corsair-hs80-rgb-wireless-gaming-headset-review/index.html]
[foxiz.themeruby.com/tech/corsair-hs80-rgb-wireless-gaming-headset-review.html]
[foxiz.themeruby.com/tech/wp-content/cache/autoptimize/3/js/autoptimize_718556d81bf3bd4ff92c02852c025dd3.js]
[foxiz.themeruby.com/tech/wp-json/wp/v2/posts/1512.json]
[foxiz.themeruby.com/tech/top-tech-trends-great-gadgets-to-help-you/feed/index.html]
[foxiz.themeruby.com/tech/wp-json/oembed/1.0/embed439e.json]
[foxiz.themeruby.com/tech/wp-json/oembed/1.0/embedccb6]
[foxiz.themeruby.com/tech/wp-loginb793.html]
[foxiz.themeruby.com/tech/wp-content/uploads/sites/3/2021/12/36.jpg]
[foxiz.themeruby.com/tech/wp-content/uploads/sites/3/2021/12/t24-150x150.jpg]
[foxiz.themeruby.com/tech/wp-content/uploads/sites/3/2021/12/7-150x150.jpg]
[foxiz.themeruby.com/tech/tag/opinions/index.html]
[foxiz.themeruby.com/tech/tag/smartphone/index.html]
[foxiz.themeruby.com/tech/tag/top-10/index.html]
[foxiz.themeruby.com/tech/top-tech-trends-great-gadgets-to-help-you/index.html]
[foxiz.themeruby.com/tech/top-tech-trends-great-gadgets-to-help-you.html]
[foxiz.themeruby.com/tech/part-time-trading-on-forex-as-an-alternative-income/feed/index.html]
[foxiz.themeruby.com/tech/wp-json/wp/v2/posts/1514.json]
[foxiz.themeruby.com/tech/wp-json/oembed/1.0/embed1ebc.json]
[foxiz.themeruby.com/tech/wp-json/oembed/1.0/embed2723]
[foxiz.themeruby.com/tech/wp-login625c.html]
[foxiz.themeruby.com/tech/wp-content/uploads/sites/3/2021/12/10.jpg]
[foxiz.themeruby.com/tech/wp-content/uploads/sites/3/2021/12/32-150x150.jpg]
[foxiz.themeruby.com/tech/wp-content/uploads/sites/3/2021/12/23-150x150.jpg]
[foxiz.themeruby.com/tech/part-time-trading-on-forex-as-an-alternative-income/index.html]
[foxiz.themeruby.com/tech/part-time-trading-on-forex-as-an-alternative-income.html]
[foxiz.themeruby.com/tech/choose-a-best-headphone-for-make-your-life-brighter/index.html]
[foxiz.themeruby.com/tech/top-10-best-portable-bluetooth-speakers-for-summer-fun/feed/index.html]
[foxiz.themeruby.com/tech/wp-json/wp/v2/posts/1561.json]
[foxiz.themeruby.com/tech/wp-json/oembed/1.0/embedfe47.json]
[foxiz.themeruby.com/tech/wp-json/oembed/1.0/embed6eaa]
[foxiz.themeruby.com/tech/wp-login5e94.html]
[foxiz.themeruby.com/tech/wp-content/uploads/sites/3/2021/12/t44-150x150.jpg]
[foxiz.themeruby.com/tech/wp-content/uploads/sites/3/2021/12/t20.jpg]
[foxiz.themeruby.com/tech/top-10-best-portable-bluetooth-speakers-for-summer-fun/index.html]
[foxiz.themeruby.com/tech/top-10-best-portable-bluetooth-speakers-for-summer-fun.html]
[foxiz.themeruby.com/tech/wp-json/wp/v2/posts/1515.json]
[foxiz.themeruby.com/tech/apple-jul-announcement-what-a-refresh-for-macbook/feed/index.html]
[foxiz.themeruby.com/tech/wp-json/oembed/1.0/embed9e77.json]
[foxiz.themeruby.com/tech/wp-json/oembed/1.0/embed835f]
[foxiz.themeruby.com/tech/wp-loginf687.html]
[foxiz.themeruby.com/tech/wp-content/uploads/sites/3/2021/12/31-860x574.jpg]
[foxiz.themeruby.com/tech/wp-content/uploads/sites/3/2021/12/31.jpg]
[foxiz.themeruby.com/tech/wp-content/uploads/sites/3/2021/12/26-150x150.jpg]
[foxiz.themeruby.com/tech/apple-jul-announcement-what-a-refresh-for-macbook/index.html]
[foxiz.themeruby.com/tech/apple-jul-announcement-what-a-refresh-for-macbook.html]
[foxiz.themeruby.com/tech/wp-json/wp/v2/posts/1517.json]
[foxiz.themeruby.com/tech/advantages-and-disadvantages-of-having-smartphone/feed/index.html]
[foxiz.themeruby.com/tech/wp-json/oembed/1.0/embede647.json]
[foxiz.themeruby.com/tech/wp-json/oembed/1.0/embed98ce]
[foxiz.themeruby.com/tech/wp-loginf7e5.html]
[foxiz.themeruby.com/tech/wp-content/uploads/sites/3/2021/12/30.jpg]
[foxiz.themeruby.com/tech/wp-content/uploads/sites/3/2021/12/t1-150x150.jpg]
[foxiz.themeruby.com/tech/advantages-and-disadvantages-of-having-smartphone/index.html]
[foxiz.themeruby.com/tech/advantages-and-disadvantages-of-having-smartphone.html]
[foxiz.themeruby.com/tech/wp-json/wp/v2/categories/23.json]
[foxiz.themeruby.com/tech/category/gadget/feed/index.html]
[foxiz.themeruby.com/tech/wp-logincc02.html]
[foxiz.themeruby.com/tech/wp-content/uploads/sites/3/2021/12/t6-1.jpg]
[foxiz.themeruby.com/tech/category/gadget/create/index.html]
[foxiz.themeruby.com/tech/wp-content/uploads/sites/3/2022/02/ct6.jpg]
[foxiz.themeruby.com/tech/category/gadget/design/index.html]
[foxiz.themeruby.com/tech/category/gadget/device/index.html]
[foxiz.themeruby.com/tech/category/gadget/software/index.html]
[foxiz.themeruby.com/tech/wp-content/uploads/sites/3/2021/12/t600-615x410.jpg]
[foxiz.themeruby.com/tech/wp-content/uploads/sites/3/2021/12/t3-860x573.jpg]
[foxiz.themeruby.com/tech/wp-content/uploads/sites/3/2021/12/t600-330x220.jpg]
[foxiz.themeruby.com/tech/category/gadget/index.html]
[foxiz.themeruby.com/tech/category/gadget/page/2/index.html]
[foxiz.themeruby.com/tech/wp-json/wp/v2/posts/1599.json]
[foxiz.themeruby.com/tech/best-fujifilm-cameras-for-every-photographer/feed/index.html]
[foxiz.themeruby.com/tech/wp-json/oembed/1.0/embed1ea2.json]
[foxiz.themeruby.com/tech/wp-json/oembed/1.0/embedea07]
[foxiz.themeruby.com/tech/wp-login3143.html]
[foxiz.themeruby.com/tech/wp-content/uploads/sites/3/2021/12/r9-150x150.jpg]
[foxiz.themeruby.com/tech/wp-content/uploads/sites/3/2021/12/r9.jpg]
[foxiz.themeruby.com/tech/wp-content/uploads/sites/3/2021/12/t40.jpg]
[foxiz.themeruby.com/tech/best-fujifilm-cameras-for-every-photographer/index.html]
[foxiz.themeruby.com/tech/best-fujifilm-cameras-for-every-photographer.html]
[foxiz.themeruby.com/tech/wp-json/wp/v2/posts/1596.json]
[foxiz.themeruby.com/tech/canon-eos-5d-mark-iv-full-frame-digital-slr-camera/feed/index.html]
[foxiz.themeruby.com/tech/wp-json/oembed/1.0/embedae02.json]
[foxiz.themeruby.com/tech/wp-json/oembed/1.0/embed64e0]
[foxiz.themeruby.com/tech/wp-login84e5.html]
[foxiz.themeruby.com/tech/wp-content/uploads/sites/3/2021/12/t41-860x573.jpg]
[foxiz.themeruby.com/tech/wp-content/uploads/sites/3/2021/12/r32-150x150.jpg]
[foxiz.themeruby.com/tech/wp-content/uploads/sites/3/2021/12/r32.jpg]
[foxiz.themeruby.com/tech/wp-content/uploads/sites/3/2021/12/t41.jpg]
[foxiz.themeruby.com/tech/canon-eos-5d-mark-iv-full-frame-digital-slr-camera/index.html]
[foxiz.themeruby.com/tech/canon-eos-5d-mark-iv-full-frame-digital-slr-camera.html]
[foxiz.themeruby.com/tech/wp-json/wp/v2/posts/1563.json]
[foxiz.themeruby.com/tech/seeking-suggestions-regarding-headsets-for-conference-interpreters/feed/index.html]
[foxiz.themeruby.com/tech/wp-json/oembed/1.0/embed8001.json]
[foxiz.themeruby.com/tech/wp-json/oembed/1.0/embed2be9]
[foxiz.themeruby.com/tech/wp-login7f9f.html]
[foxiz.themeruby.com/tech/wp-content/uploads/sites/3/2021/12/t17.jpg]
[foxiz.themeruby.com/tech/seeking-suggestions-regarding-headsets-for-conference-interpreters/index.html]
[foxiz.themeruby.com/tech/seeking-suggestions-regarding-headsets-for-conference-interpreters.html]
[foxiz.themeruby.com/tech/wp-json/wp/v2/posts/1550.json]
[foxiz.themeruby.com/tech/portable-bluetooth-speakersthat-can-go-literally-anywhere/feed/index.html]
[foxiz.themeruby.com/tech/wp-json/oembed/1.0/embedcc32.json]
[foxiz.themeruby.com/tech/wp-json/oembed/1.0/embed6665]
[foxiz.themeruby.com/tech/wp-loginf7bd.html]
[foxiz.themeruby.com/tech/wp-content/uploads/sites/3/2021/12/t1-1-860x573.jpg]
[foxiz.themeruby.com/tech/wp-content/uploads/sites/3/2021/12/t4-860x573.jpg]
[foxiz.themeruby.com/tech/wp-content/uploads/sites/3/2021/12/t2-860x573.jpg]
[foxiz.themeruby.com/tech/wp-content/uploads/sites/3/2021/12/t3.jpg]
[foxiz.themeruby.com/tech/wp-content/uploads/sites/3/2021/12/t1-1.jpg]
[foxiz.themeruby.com/tech/wp-content/uploads/sites/3/2021/12/t4.jpg]
[foxiz.themeruby.com/tech/wp-content/uploads/sites/3/2021/12/t2.jpg]
[foxiz.themeruby.com/tech/wp-content/uploads/sites/3/2021/12/t13-150x150.jpg]
[foxiz.themeruby.com/tech/portable-bluetooth-speakersthat-can-go-literally-anywhere/index.html]
[foxiz.themeruby.com/tech/portable-bluetooth-speakersthat-can-go-literally-anywhere.html]
[foxiz.themeruby.com/tech/should-i-replace-my-upright-vacuum-with-a-cleaning-robot/feed/index.html]
[foxiz.themeruby.com/tech/wp-json/wp/v2/posts/1546.json]
[foxiz.themeruby.com/tech/wp-json/oembed/1.0/embed6e9a.json]
[foxiz.themeruby.com/tech/wp-json/oembed/1.0/embed0370]
[foxiz.themeruby.com/tech/wp-login44d2.html]
[foxiz.themeruby.com/tech/wp-content/uploads/sites/3/2021/12/t22.jpg]
[foxiz.themeruby.com/tech/wp-content/uploads/sites/3/2021/12/t23.jpg]
[foxiz.themeruby.com/tech/wp-content/uploads/sites/3/2021/12/t22-150x150.jpg]
[foxiz.themeruby.com/tech/wp-content/uploads/sites/3/2021/12/t23-150x150.jpg]
[foxiz.themeruby.com/tech/wp-content/uploads/sites/3/2021/12/t600-150x150.jpg]
[foxiz.themeruby.com/tech/should-i-replace-my-upright-vacuum-with-a-cleaning-robot/index.html]
[foxiz.themeruby.com/tech/tag/hot/index.html]
[foxiz.themeruby.com/tech/should-i-replace-my-upright-vacuum-with-a-cleaning-robot.html]
[foxiz.themeruby.com/tech/wp-json/wp/v2/posts/1499.json]
[foxiz.themeruby.com/tech/heres-why-business-needs-a-mobile-friendly-website/feed/index.html]
[foxiz.themeruby.com/tech/wp-json/oembed/1.0/embedbae9.json]
[foxiz.themeruby.com/tech/wp-json/oembed/1.0/embedc9c4]
[foxiz.themeruby.com/tech/wp-loginb548.html]
[foxiz.themeruby.com/tech/wp-content/uploads/sites/3/2021/12/22-860x573.jpg]
[foxiz.themeruby.com/tech/wp-content/uploads/sites/3/2021/12/22.jpg]
[foxiz.themeruby.com/tech/heres-why-business-needs-a-mobile-friendly-website/index.html]
[foxiz.themeruby.com/tech/heres-why-business-needs-a-mobile-friendly-website.html]
[foxiz.themeruby.com/tech/heres-why-business-needs-a-mobile-friendly-website/index6809.html]
[foxiz.themeruby.com/tech/heres-why-business-needs-a-mobile-friendly-website/index3094.html]
[foxiz.themeruby.com/tech/heres-why-business-needs-a-mobile-friendly-website/index0e22.html]
[foxiz.themeruby.com/tech/wp-json/wp/v2/posts/1508.json]
[foxiz.themeruby.com/tech/how-to-buy-a-best-smartwatch-or-fitness-tracker-right-now/feed/index.html]
[foxiz.themeruby.com/tech/wp-json/oembed/1.0/embeda5c3.json]
[foxiz.themeruby.com/tech/wp-json/oembed/1.0/embed6a9b]
[foxiz.themeruby.com/tech/wp-loginee6a.html]
[foxiz.themeruby.com/tech/wp-content/uploads/sites/3/2021/12/18.jpg]
[foxiz.themeruby.com/tech/wp-content/uploads/sites/3/2021/12/34-150x150.jpg]
[foxiz.themeruby.com/tech/how-to-buy-a-best-smartwatch-or-fitness-tracker-right-now/index.html]
[foxiz.themeruby.com/tech/how-to-buy-a-best-smartwatch-or-fitness-tracker-right-now.html]
[foxiz.themeruby.com/tech/wp-json/wp/v2/posts/1519.json]
[foxiz.themeruby.com/tech/ai-chips-that-made-it-to-the-market-in-2022/feed/index.html]
[foxiz.themeruby.com/tech/wp-json/oembed/1.0/embed4635.json]
[foxiz.themeruby.com/tech/wp-json/oembed/1.0/embed1d32]
[foxiz.themeruby.com/tech/wp-login6dc7.html]
[foxiz.themeruby.com/tech/wp-content/uploads/sites/3/2021/12/t1.jpg]
[foxiz.themeruby.com/tech/ai-chips-that-made-it-to-the-market-in-2022/index.html]
[foxiz.themeruby.com/tech/ai-chips-that-made-it-to-the-market-in-2022.html]
[foxiz.themeruby.com/tech/wp-json/wp/v2/posts/1511.json]
[foxiz.themeruby.com/tech/start-a-digital-marketing-website-for-your-service/feed/index.html]
[foxiz.themeruby.com/tech/wp-json/oembed/1.0/embede873.json]
[foxiz.themeruby.com/tech/wp-json/oembed/1.0/embed65b0]
[foxiz.themeruby.com/tech/wp-loginbf1b.html]
[foxiz.themeruby.com/tech/wp-content/uploads/sites/3/2021/12/7-860x573.jpg]
[foxiz.themeruby.com/tech/wp-content/uploads/sites/3/2021/12/7.jpg]
[foxiz.themeruby.com/tech/wp-content/uploads/sites/3/2021/12/35-150x150.jpg]
[foxiz.themeruby.com/tech/start-a-digital-marketing-website-for-your-service/index.html]
[foxiz.themeruby.com/tech/start-a-digital-marketing-website-for-your-service.html]
[foxiz.themeruby.com/tech/wp-json/wp/v2/posts/1510.json]
[foxiz.themeruby.com/tech/bluetooth-technology-work-in-tandem-for-indoor-positioning-system/feed/index.html]
[foxiz.themeruby.com/tech/wp-json/oembed/1.0/embed4082.json]
[foxiz.themeruby.com/tech/wp-json/oembed/1.0/embede891]
[foxiz.themeruby.com/tech/wp-login7a1c.html]
[foxiz.themeruby.com/tech/wp-content/uploads/sites/3/2021/12/35-860x574.jpg]
[foxiz.themeruby.com/tech/wp-content/uploads/sites/3/2021/12/35.jpg]
[foxiz.themeruby.com/tech/wp-content/uploads/sites/3/2021/12/40-150x150.jpg]
[foxiz.themeruby.com/tech/bluetooth-technology-work-in-tandem-for-indoor-positioning-system/index.html]
[foxiz.themeruby.com/tech/bluetooth-technology-work-in-tandem-for-indoor-positioning-system.html]
[foxiz.themeruby.com/tech/ways-to-play-music-using-your-amazon-echo/feed/index.html]
[foxiz.themeruby.com/tech/wp-json/wp/v2/posts/1520.json]
[foxiz.themeruby.com/tech/wp-json/oembed/1.0/embed88c5.json]
[foxiz.themeruby.com/tech/wp-json/oembed/1.0/embedabd5]
[foxiz.themeruby.com/tech/wp-loginc7a3.html]
[foxiz.themeruby.com/tech/wp-content/uploads/sites/3/2021/12/34.jpg]
[foxiz.themeruby.com/tech/wp-content/uploads/sites/3/2021/12/18-150x150.jpg]
[foxiz.themeruby.com/tech/ways-to-play-music-using-your-amazon-echo/index.html]
[foxiz.themeruby.com/tech/ways-to-play-music-using-your-amazon-echo.html]
[foxiz.themeruby.com/tech/wp-json/wp/v2/posts/1539.json]
[foxiz.themeruby.com/tech/top-rated-products-in-wireless-portable-bluetooth-speakers/feed/index.html]
[foxiz.themeruby.com/tech/wp-json/oembed/1.0/embedd8f6.json]
[foxiz.themeruby.com/tech/wp-json/oembed/1.0/embed97df]
[foxiz.themeruby.com/tech/wp-loginadc5.html]
[foxiz.themeruby.com/tech/wp-content/uploads/sites/3/2021/12/t6-860x573.jpg]
[foxiz.themeruby.com/tech/wp-content/uploads/sites/3/2021/12/t8-860x573.jpg]
[foxiz.themeruby.com/tech/wp-content/uploads/sites/3/2021/12/t9-860x573.jpg]
[foxiz.themeruby.com/tech/wp-content/uploads/sites/3/2021/12/t10-860x573.jpg]
[foxiz.themeruby.com/tech/wp-content/uploads/sites/3/2021/12/t6.jpg]
[foxiz.themeruby.com/tech/wp-content/uploads/sites/3/2021/12/t8.jpg]
[foxiz.themeruby.com/tech/wp-content/uploads/sites/3/2021/12/t9.jpg]
[foxiz.themeruby.com/tech/wp-content/uploads/sites/3/2021/12/t10.jpg]
[foxiz.themeruby.com/tech/wp-content/uploads/sites/3/2021/12/t600.jpg]
[foxiz.themeruby.com/tech/top-rated-products-in-wireless-portable-bluetooth-speakers/index.html]
[foxiz.themeruby.com/tech/top-rated-products-in-wireless-portable-bluetooth-speakers.html]
[foxiz.themeruby.com/tech/wp-json/wp/v2/posts/1565.json]
[foxiz.themeruby.com/tech/10-reasons-to-choose-playstation-5-as-your-next-console/feed/index.html]
[foxiz.themeruby.com/tech/wp-json/oembed/1.0/embed1caf.json]
[foxiz.themeruby.com/tech/wp-json/oembed/1.0/embed2738]
[foxiz.themeruby.com/tech/wp-login19ec.html]
[foxiz.themeruby.com/tech/wp-content/uploads/sites/3/2021/12/t14.jpg]
[foxiz.themeruby.com/tech/10-reasons-to-choose-playstation-5-as-your-next-console/index.html]
[foxiz.themeruby.com/tech/10-reasons-to-choose-playstation-5-as-your-next-console.html]
[foxiz.themeruby.com/tech/wp-json/wp/v2/posts/1567.json]
[foxiz.themeruby.com/tech/archt-audio-debuts-it-is-new-mini-wireless-speaker/feed/index.html]
[foxiz.themeruby.com/tech/wp-json/oembed/1.0/embed2721.json]
[foxiz.themeruby.com/tech/wp-json/oembed/1.0/embedbcdb]
[foxiz.themeruby.com/tech/wp-login8f2d.html]
[foxiz.themeruby.com/tech/wp-content/uploads/sites/3/2021/12/t15.jpg]
[foxiz.themeruby.com/tech/wp-content/uploads/sites/3/2021/12/t14-1-150x150.jpg]
[foxiz.themeruby.com/tech/archt-audio-debuts-it-is-new-mini-wireless-speaker/index.html]
[foxiz.themeruby.com/tech/archt-audio-debuts-it-is-new-mini-wireless-speaker.html]
[foxiz.themeruby.com/tech/best-beaches-in-the-uk-for-the-perfect-sandy-getaway/feed/index.html]
[foxiz.themeruby.com/tech/wp-json/wp/v2/posts/1555.json]
[foxiz.themeruby.com/tech/wp-json/oembed/1.0/embed6f03.json]
[foxiz.themeruby.com/tech/wp-json/oembed/1.0/embed3b9c]
[foxiz.themeruby.com/tech/wp-login0e88.html]
[foxiz.themeruby.com/tech/wp-content/uploads/sites/3/2021/12/t45.jpg]
[foxiz.themeruby.com/tech/best-beaches-in-the-uk-for-the-perfect-sandy-getaway/index.html]
[foxiz.themeruby.com/tech/best-beaches-in-the-uk-for-the-perfect-sandy-getaway.html]
[foxiz.themeruby.com/tech/wp-json/wp/v2/posts/1557.json]
[foxiz.themeruby.com/tech/linkedin-launches-new-formats-for-live-events/feed/index.html]
[foxiz.themeruby.com/tech/wp-json/oembed/1.0/embede77f.json]
[foxiz.themeruby.com/tech/wp-json/oembed/1.0/embed7732]
[foxiz.themeruby.com/tech/wp-loginc727.html]
[foxiz.themeruby.com/tech/wp-content/uploads/sites/3/2021/12/t44.jpg]
[foxiz.themeruby.com/tech/linkedin-launches-new-formats-for-live-events/index.html]
[foxiz.themeruby.com/tech/linkedin-launches-new-formats-for-live-events.html]
[foxiz.themeruby.com/tech/wp-json/wp/v2/posts/1559.json]
[foxiz.themeruby.com/tech/top-10-largest-hot-high-quality-earphone-handsfree/feed/index.html]
[foxiz.themeruby.com/tech/wp-json/oembed/1.0/embed51f1.json]
[foxiz.themeruby.com/tech/wp-json/oembed/1.0/embed0cfe]
[foxiz.themeruby.com/tech/wp-login0919.html]
[foxiz.themeruby.com/tech/wp-content/uploads/sites/3/2021/12/t24.jpg]
[foxiz.themeruby.com/tech/top-10-largest-hot-high-quality-earphone-handsfree/index.html]
[foxiz.themeruby.com/tech/top-10-largest-hot-high-quality-earphone-handsfree.html]
[foxiz.themeruby.com/tech/wp-json/wp/v2/posts/1622.json]
[foxiz.themeruby.com/tech/the-samsung-galaxy-s21-ultra-5g-awarded-best-smartphone/feed/index.html]
[foxiz.themeruby.com/tech/wp-json/oembed/1.0/embede574.json]
[foxiz.themeruby.com/tech/wp-json/oembed/1.0/embed43e2]
[foxiz.themeruby.com/tech/wp-login044b.html]
[foxiz.themeruby.com/tech/wp-content/uploads/sites/3/2021/12/t2.-860x573.jpg]
[foxiz.themeruby.com/tech/the-samsung-galaxy-s21-ultra-5g-awarded-best-smartphone/index.html]
[foxiz.themeruby.com/tech/the-samsung-galaxy-s21-ultra-5g-awarded-best-smartphone.html]
[foxiz.themeruby.com/tech/wp-json/wp/v2/posts/1620.json]
[foxiz.themeruby.com/tech/apples-iphone-13-the-best-value-buy-among-all-iphones/feed/index.html]
[foxiz.themeruby.com/tech/wp-json/oembed/1.0/embeda7e7.json]
[foxiz.themeruby.com/tech/wp-json/oembed/1.0/embed2b59]
[foxiz.themeruby.com/tech/wp-login7e09.html]
[foxiz.themeruby.com/tech/wp-content/uploads/sites/3/2021/12/t1-2-860x573.jpg]
[foxiz.themeruby.com/tech/wp-content/uploads/sites/3/2021/12/t1-2.jpg]
[foxiz.themeruby.com/tech/apples-iphone-13-the-best-value-buy-among-all-iphones/index.html]
[foxiz.themeruby.com/tech/apples-iphone-13-the-best-value-buy-among-all-iphones.html]
[foxiz.themeruby.com/tech/wp-json/wp/v2/posts/1648.json]
[foxiz.themeruby.com/tech/apple-iphone-13-pro-battery-highly-efficient-device/feed/index.html]
[foxiz.themeruby.com/tech/wp-json/oembed/1.0/embedd884.json]
[foxiz.themeruby.com/tech/wp-json/oembed/1.0/embedf2d8]
[foxiz.themeruby.com/tech/wp-logine295.html]
[foxiz.themeruby.com/tech/wp-content/uploads/sites/3/2021/08/t12.jpg]
[foxiz.themeruby.com/tech/apple-iphone-13-pro-battery-highly-efficient-device/index.html]
[foxiz.themeruby.com/tech/apple-iphone-13-pro-battery-highly-efficient-device.html]
[foxiz.themeruby.com/tech/wp-json/wp/v2/posts/1651.json]
[foxiz.themeruby.com/tech/future-changes-shape-express-yourself-with-galaxy-z-flip/feed/index.html]
[foxiz.themeruby.com/tech/wp-json/oembed/1.0/embed02d4.json]
[foxiz.themeruby.com/tech/wp-json/oembed/1.0/embedc9bf]
[foxiz.themeruby.com/tech/wp-login4488.html]
[foxiz.themeruby.com/tech/wp-content/uploads/sites/3/2021/12/t13-1-860x573.jpg]
[foxiz.themeruby.com/tech/wp-content/uploads/sites/3/2021/12/t13-1.jpg]
[foxiz.themeruby.com/tech/future-changes-shape-express-yourself-with-galaxy-z-flip/index.html]
[foxiz.themeruby.com/tech/future-changes-shape-express-yourself-with-galaxy-z-flip.html]
[foxiz.themeruby.com/tech/wp-json/wp/v2/posts/1507.json]
[foxiz.themeruby.com/tech/catch-the-best-iphone-13-deals-plus-your-favorite-gadgets/feed/index.html]
[foxiz.themeruby.com/tech/wp-json/oembed/1.0/embed7598.json]
[foxiz.themeruby.com/tech/wp-json/oembed/1.0/embedd3aa]
[foxiz.themeruby.com/tech/wp-logine222.html]
[foxiz.themeruby.com/tech/catch-the-best-iphone-13-deals-plus-your-favorite-gadgets/index.html]
[foxiz.themeruby.com/tech/catch-the-best-iphone-13-deals-plus-your-favorite-gadgets.html]
[foxiz.themeruby.com/tech/wp-json/wp/v2/posts/1516.json]
[foxiz.themeruby.com/tech/sw-tech-shows-the-future-of-next-gen-vr-with-prototype-headset/feed/index.html]
[foxiz.themeruby.com/tech/wp-json/oembed/1.0/embed99a1.json]
[foxiz.themeruby.com/tech/wp-json/oembed/1.0/embedb6db]
[foxiz.themeruby.com/tech/wp-logind311.html]
[foxiz.themeruby.com/tech/wp-content/uploads/sites/3/2021/12/26-860x484.jpg]
[foxiz.themeruby.com/tech/sw-tech-shows-the-future-of-next-gen-vr-with-prototype-headset/index.html]
[foxiz.themeruby.com/tech/sw-tech-shows-the-future-of-next-gen-vr-with-prototype-headset.html]
[foxiz.themeruby.com/tech/wp-json/wp/v2/posts/1509.json]
[foxiz.themeruby.com/tech/5-ways-to-manage-your-spending-on-multiple-credit-cards/feed/index.html]
[foxiz.themeruby.com/tech/wp-json/oembed/1.0/embedbb2e.json]
[foxiz.themeruby.com/tech/wp-json/oembed/1.0/embedbc16]
[foxiz.themeruby.com/tech/wp-login061f.html]
[foxiz.themeruby.com/tech/wp-content/uploads/sites/3/2021/12/40-860x573.jpg]
[foxiz.themeruby.com/tech/5-ways-to-manage-your-spending-on-multiple-credit-cards/index.html]
[foxiz.themeruby.com/tech/5-ways-to-manage-your-spending-on-multiple-credit-cards.html]
[foxiz.themeruby.com/tech/wp-json/wp/v2/posts/1647.json]
[foxiz.themeruby.com/tech/iphone-13-mini-review-the-small-phone-thats-actually-good/feed/index.html]
[foxiz.themeruby.com/tech/wp-json/oembed/1.0/embedb2c1.json]
[foxiz.themeruby.com/tech/wp-json/oembed/1.0/embed54af]
[foxiz.themeruby.com/tech/wp-loginfcad.html]
[foxiz.themeruby.com/tech/wp-content/uploads/sites/3/2021/12/t4.-860x573.jpg]
[foxiz.themeruby.com/tech/wp-content/uploads/sites/3/2021/12/t4..jpg]
[foxiz.themeruby.com/tech/iphone-13-mini-review-the-small-phone-thats-actually-good/index.html]
[foxiz.themeruby.com/tech/iphone-13-mini-review-the-small-phone-thats-actually-good.html]
[foxiz.themeruby.com/tech/wp-login7719.html]
[foxiz.themeruby.com/tech/wp-content/uploads/sites/3/2021/12/22-615x410.jpg]
[foxiz.themeruby.com/default/wp-content/uploads/sites/2/2021/09/728ad.jpg]
[foxiz.themeruby.com/default/wp-content/uploads/sites/2/2021/09/728ad-dark.jpg]
[foxiz.themeruby.com/tech/blog/index.html]
[foxiz.themeruby.com/tech/wp-json/wp/v2/pages/1481.json]
[foxiz.themeruby.com/tech/blog/page/2/index.html]
[foxiz.themeruby.com/tech/blog/page/3/index.html]
[foxiz.themeruby.com/tech/blog/page/4/index.html]
[foxiz.themeruby.com/tech/wp-json/oembed/1.0/embed74d2.json]
[foxiz.themeruby.com/tech/blog/page/5/index.html]
[foxiz.themeruby.com/tech/wp-json/oembed/1.0/embeda2e5]
[foxiz.themeruby.com/tech/wp-login4e0c.html]
[foxiz.themeruby.com/default/wp-content/uploads/sites/2/2021/11/map.png]
[foxiz.themeruby.com/tech/contact/index.html]
[foxiz.themeruby.com/tech/contact.html]
[foxiz.themeruby.com/tech/index623c.html]
[foxiz.themeruby.com/tech/404-page.html]
[foxiz.themeruby.com/tech/wp-content/cache/autoptimize/3/js/autoptimize_4d48a3357896c4671e1e867695d23233.js]
[foxiz.themeruby.com/tech/page/2/index623c.html]
[foxiz.themeruby.com/tech/page/3/index623c.html]
[foxiz.themeruby.com/tech/search/a/feed/rss2/index.html]
[foxiz.themeruby.com/tech/wp-json/wp/v2/pages/1237.json]
[foxiz.themeruby.com/tech/page/4/index623c.html]
[foxiz.themeruby.com/tech/page/5/index623c.html]
[foxiz.themeruby.com/tech/wp-json/oembed/1.0/embede4e4.json]
[foxiz.themeruby.com/tech/wp-json/oembed/1.0/embed7775]
[foxiz.themeruby.com/tech/wp-login7110.html]
[foxiz.themeruby.com/tech/wp-content/uploads/sites/3/2021/12/t9-1-330x220.jpg]
[foxiz.themeruby.com/tech/wp-content/uploads/sites/3/2022/02/ct12-330x220.jpg]
[foxiz.themeruby.com/tech/wp-content/uploads/sites/3/2022/02/ct15-330x220.jpg]
[foxiz.themeruby.com/tech/wp-content/uploads/sites/3/2022/02/ct13-330x220.jpg]
[foxiz.themeruby.com/tech/category/tech-news/branding/index.html]
[foxiz.themeruby.com/tech/category/tech-news/appliance/index.html]
[foxiz.themeruby.com/tech/category/tech-news/investment/index.html]
[foxiz.themeruby.com/tech/wp-content/uploads/sites/3/2022/02/ct14-330x220.jpg]
[foxiz.themeruby.com/tech/wp-content/uploads/sites/3/2022/01/cat-4-330x220.jpg]
[foxiz.themeruby.com/tech/category/tech-news/marketing/index.html]
[foxiz.themeruby.com/tech/wp-content/uploads/sites/3/2022/02/ct5-330x220.jpg]
[foxiz.themeruby.com/tech/wp-content/uploads/sites/3/2022/02/ct10-330x220.jpg]
[foxiz.themeruby.com/tech/wp-content/uploads/sites/3/2022/02/ct3-330x220.jpg]
[foxiz.themeruby.com/tech/wp-content/uploads/sites/3/2022/02/ct9-330x220.jpg]
[foxiz.themeruby.com/tech/wp-content/uploads/sites/3/2021/12/t6-1-330x220.jpg]
[foxiz.themeruby.com/tech/wp-content/uploads/sites/3/2022/02/ct16-330x220.jpg]
[foxiz.themeruby.com/tech/wp-content/uploads/sites/3/2022/02/ct18-330x220.jpg]
[foxiz.themeruby.com/tech/wp-content/uploads/sites/3/2022/02/ct19-330x220.jpg]
[foxiz.themeruby.com/tech/wp-content/uploads/sites/3/2022/02/ct20-330x220.jpg]
[foxiz.themeruby.com/tech/customize-interests/index.html]
[foxiz.themeruby.com/tech/customize-interests.html]
[foxiz.themeruby.com/tech/wp-json/wp/v2/pages/1215.json]
[foxiz.themeruby.com/tech/wp-json/oembed/1.0/embedb5cb.json]
[foxiz.themeruby.com/tech/wp-json/oembed/1.0/embedf621]
[foxiz.themeruby.com/tech/wp-login2770.html]
[foxiz.themeruby.com/tech/my-bookmarks/index.html]
[foxiz.themeruby.com/tech/my-bookmarks.html]
[foxiz.themeruby.com/tech/wp-includes/css/dashicons.min6a4d.css]
[foxiz.themeruby.com/tech/wp-includes/css/buttons.min6a4d.css]
[foxiz.themeruby.com/tech/wp-admin/css/forms.min6a4d.css]
[foxiz.themeruby.com/tech/wp-admin/css/l10n.min6a4d.css]
[foxiz.themeruby.com/tech/wp-admin/css/login.min6a4d.css]
[foxiz.themeruby.com/tech/wp-content/plugins/foxiz-core/assets/admin-screen93f6.css]
[foxiz.themeruby.com/tech/wp-includes/js/jquery/jquery.mina7a0.js]
[foxiz.themeruby.com/tech/wp-includes/js/jquery/jquery-migrate.mind617.js]
[foxiz.themeruby.com/tech/wp-includes/js/zxcvbn-async.min5152.js]
[foxiz.themeruby.com/tech/wp-includes/js/dist/vendor/regenerator-runtime.min3937.js]
[foxiz.themeruby.com/tech/wp-includes/js/dist/vendor/wp-polyfill.min2c7c.js]
[foxiz.themeruby.com/tech/wp-includes/js/dist/hooks.min6c65.js]
[foxiz.themeruby.com/tech/wp-includes/js/dist/i18n.mine57b.js]
[foxiz.themeruby.com/tech/wp-admin/js/password-strength-meter.min6a4d.js]
[foxiz.themeruby.com/tech/wp-includes/js/underscore.mind584.js]
[foxiz.themeruby.com/tech/wp-includes/js/wp-util.min6a4d.js]
[foxiz.themeruby.com/tech/wp-login95d2.html]
[foxiz.themeruby.com/tech/wp-admin/js/user-profile.min6a4d.js]
[foxiz.themeruby.com/tech/wp-json/wp/v2/posts/1518.json]
[foxiz.themeruby.com/tech/are-smartwatches-the-future-of-wearable-devices/feed/index.html]
[foxiz.themeruby.com/tech/wp-json/oembed/1.0/embede332.json]
[foxiz.themeruby.com/tech/wp-json/oembed/1.0/embed0dcf]
[foxiz.themeruby.com/tech/wp-login3f9b.html]
[foxiz.themeruby.com/tech/wp-content/uploads/sites/3/2021/12/t12.jpg]
[foxiz.themeruby.com/tech/are-smartwatches-the-future-of-wearable-devices/index.html]
[foxiz.themeruby.com/tech/are-smartwatches-the-future-of-wearable-devices.html]
[foxiz.themeruby.com/tech/wp-json/wp/v2/categories/1.json]
[foxiz.themeruby.com/tech/category/tech-news/feed/index.html]
[foxiz.themeruby.com/tech/wp-login758d.html]
[foxiz.themeruby.com/tech/wp-content/uploads/sites/3/2021/12/t9-1.jpg]
[foxiz.themeruby.com/tech/wp-content/uploads/sites/3/2022/02/ct19.jpg]
[foxiz.themeruby.com/tech/wp-content/uploads/sites/3/2021/12/18-420x280.jpg]
[foxiz.themeruby.com/tech/wp-content/uploads/sites/3/2021/12/35-330x220.jpg]
[foxiz.themeruby.com/tech/wp-content/uploads/sites/3/2021/12/7-330x220.jpg]
[foxiz.themeruby.com/tech/wp-content/uploads/sites/3/2021/12/34-330x220.jpg]
[foxiz.themeruby.com/tech/category/tech-news/index.html]
[foxiz.themeruby.com/tech/wp-json/wp/v2/categories/26.json]
[foxiz.themeruby.com/tech/category/mobile/feed/index.html]
[foxiz.themeruby.com/tech/category/tech-news/page/2/index.html]
[foxiz.themeruby.com/tech/wp-logind137.html]
[foxiz.themeruby.com/tech/wp-content/uploads/sites/3/2021/12/t15-1.jpg]
[foxiz.themeruby.com/tech/wp-content/uploads/sites/3/2022/02/ct9-1.jpg]
[foxiz.themeruby.com/tech/wp-content/uploads/sites/3/2021/12/t1-2-615x410.jpg]
[foxiz.themeruby.com/tech/wp-content/uploads/sites/3/2021/12/t14-1-330x220.jpg]
[foxiz.themeruby.com/tech/wp-content/uploads/sites/3/2021/12/t13-1-330x220.jpg]
[foxiz.themeruby.com/tech/wp-content/uploads/sites/3/2021/08/t12-330x220.jpg]
[foxiz.themeruby.com/tech/wp-content/uploads/sites/3/2021/12/t4.-330x220.jpg]
[foxiz.themeruby.com/tech/wp-content/uploads/sites/3/2021/12/t2.-330x220.jpg]
[foxiz.themeruby.com/tech/wp-content/uploads/sites/3/2021/12/t1-2-330x220.jpg]
[foxiz.themeruby.com/tech/wp-content/uploads/sites/3/2022/02/t42-330x220.jpg]
[foxiz.themeruby.com/tech/category/mobile/index.html]
[foxiz.themeruby.com/tech/wp-json/wp/v2/users/6.json]
[foxiz.themeruby.com/tech/author/technology/feed/index.html]
[foxiz.themeruby.com/tech/wp-login7b42.html]
[foxiz.themeruby.com/tech/wp-content/uploads/sites/3/2022/01/avatar.jpg]
[foxiz.themeruby.com/tech/author/technology/index.html]
[foxiz.themeruby.com/tech/author/technology.html]
[foxiz.themeruby.com/tech/author/technology/page/2/index.html]
[foxiz.themeruby.com/tech/author/technology/page/3/index.html]
[foxiz.themeruby.com/tech/author/technology/page/4/index.html]
[foxiz.themeruby.com/tech/author/technology/page/5/index.html]
[foxiz.themeruby.com/tech/wp-json/wp/v2/posts/1570.json]
[foxiz.themeruby.com/tech/the-4-best-laptops-in-2021-for-work-general-use/feed/index.html]
[foxiz.themeruby.com/tech/wp-json/oembed/1.0/embedeb9b.json]
[foxiz.themeruby.com/tech/wp-json/oembed/1.0/embedeced]
[foxiz.themeruby.com/tech/wp-login9d50.html]
[foxiz.themeruby.com/tech/wp-content/uploads/sites/3/2021/12/t19.jpg]
[foxiz.themeruby.com/tech/the-4-best-laptops-in-2021-for-work-general-use/index.html]
[foxiz.themeruby.com/tech/the-4-best-laptops-in-2021-for-work-general-use.html]
[foxiz.themeruby.com/tech/wp-loginc2b6.html]
[foxiz.themeruby.com/tech/indexc0e8.html]
[foxiz.themeruby.com/tech/wp-loginb143.html]
[foxiz.themeruby.com/tech/wp-login.html]
[foxiz.themeruby.com/tech/wp-json/wp/v2/posts/1653.json]
[foxiz.themeruby.com/tech/samsung-galaxy-s21-colors-every-shade-available/feed/index.html]
[foxiz.themeruby.com/tech/wp-json/oembed/1.0/embedab87.json]
[foxiz.themeruby.com/tech/wp-json/oembed/1.0/embed899d]
[foxiz.themeruby.com/tech/wp-login7585.html]
[foxiz.themeruby.com/tech/wp-content/uploads/sites/3/2021/12/t14-1-860x573.jpg]
[foxiz.themeruby.com/tech/wp-content/uploads/sites/3/2021/12/t14-1.jpg]
[foxiz.themeruby.com/tech/samsung-galaxy-s21-colors-every-shade-available/index.html]
[foxiz.themeruby.com/tech/samsung-galaxy-s21-colors-every-shade-available.html]
[foxiz.themeruby.com/tech/wp-json/wp/v2/posts/1819.json]
[foxiz.themeruby.com/tech/how-tiktok-is-affecting-youth-positive-and-negative-effects/feed/index.html]
[foxiz.themeruby.com/tech/wp-json/oembed/1.0/embed1df0.json]
[foxiz.themeruby.com/tech/wp-json/oembed/1.0/embed1a1b]
[foxiz.themeruby.com/tech/wp-logine15b.html]
[foxiz.themeruby.com/tech/wp-content/uploads/sites/3/2022/02/t42-860x573.jpg]
[foxiz.themeruby.com/tech/wp-content/uploads/sites/3/2022/02/t42.jpg]
[foxiz.themeruby.com/tech/how-tiktok-is-affecting-youth-positive-and-negative-effects/index.html]
[foxiz.themeruby.com/tech/how-tiktok-is-affecting-youth-positive-and-negative-effects.html]
[foxiz.themeruby.com/tech/blog.html]
[foxiz.themeruby.com/tech/indexb4ea.html]
[foxiz.themeruby.com/tech/wp-loginbf3e.html]
[foxiz.themeruby.com/tech/index762b.html]
[foxiz.themeruby.com/tech/wp-logindbe0.html]
[foxiz.themeruby.com/tech/index1b9e.html]
[foxiz.themeruby.com/tech/wp-login29ef.html]
[foxiz.themeruby.com/tech/wp-login5420.html]
[foxiz.themeruby.com/tech/wp-json/wp/v2/categories/34.json]
[foxiz.themeruby.com/tech/category/technology/computer/feed/index.html]
[foxiz.themeruby.com/tech/wp-loginbbbe.html]
[foxiz.themeruby.com/tech/wp-content/uploads/sites/3/2022/02/ct10.jpg]
[foxiz.themeruby.com/tech/category/technology/computer/index.html]
[foxiz.themeruby.com/tech/category/technology/computer.html]
[foxiz.themeruby.com/tech/wp-json/wp/v2/categories/33.json]
[foxiz.themeruby.com/tech/category/technology/electronics/feed/index.html]
[foxiz.themeruby.com/tech/wp-login91fd.html]
[foxiz.themeruby.com/tech/wp-content/uploads/sites/3/2022/02/ct5.jpg]
[foxiz.themeruby.com/tech/category/technology/electronics/index.html]
[foxiz.themeruby.com/tech/category/technology/electronics.html]
[foxiz.themeruby.com/tech/wp-json/wp/v2/categories/35.json]
[foxiz.themeruby.com/tech/category/technology/innovation/feed/index.html]
[foxiz.themeruby.com/tech/wp-login89cd.html]
[foxiz.themeruby.com/tech/wp-content/uploads/sites/3/2022/02/ct3.jpg]
[foxiz.themeruby.com/tech/category/technology/innovation/index.html]
[foxiz.themeruby.com/tech/category/technology/innovation.html]
[foxiz.themeruby.com/tech/wp-json/wp/v2/categories/36.json]
[foxiz.themeruby.com/tech/category/technology/smartphone/feed/index.html]
[foxiz.themeruby.com/tech/wp-loginb6bd.html]
[foxiz.themeruby.com/tech/wp-content/uploads/sites/3/2022/02/ct9.jpg]
[foxiz.themeruby.com/tech/category/technology/smartphone/index.html]
[foxiz.themeruby.com/tech/xmlrpc.php]
[foxiz.themeruby.com/tech/indexe87f.html]
[foxiz.themeruby.com/tech/wp-login176b.html]
[foxiz.themeruby.com/tech/category/technology/smartphone.html]
[foxiz.themeruby.com/tech/corsair-hs80-rgb-wireless-gaming-headset-review/index21b4.html]
[foxiz.themeruby.com/tech/corsair-hs80-rgb-wireless-gaming-headset-review.html]
[foxiz.themeruby.com/tech/index8e48.html]
[foxiz.themeruby.com/tech/wp-loginb793.html]
[foxiz.themeruby.com/tech/wp-json/wp/v2/tags/20.json]
[foxiz.themeruby.com/tech/tag/opinions/feed/index.html]
[foxiz.themeruby.com/tech/wp-loginf86c.html]
[foxiz.themeruby.com/tech/tag/opinions/index.html]
[foxiz.themeruby.com/tech/tag/opinions.html]
[foxiz.themeruby.com/tech/tag/opinions/page/3/index.html]
[foxiz.themeruby.com/tech/tag/opinions/page/2/index.html]
[foxiz.themeruby.com/tech/tag/opinions/page/4/index.html]
[foxiz.themeruby.com/tech/wp-json/wp/v2/tags/22.json]
[foxiz.themeruby.com/tech/wp-login4dc2.html]
[foxiz.themeruby.com/tech/tag/smartphone/feed/index.html]
[foxiz.themeruby.com/tech/tag/smartphone/index.html]
[foxiz.themeruby.com/tech/tag/smartphone.html]
[foxiz.themeruby.com/tech/tag/smartphone/page/2/index.html]
[foxiz.themeruby.com/tech/tag/smartphone/page/3/index.html]
[foxiz.themeruby.com/tech/tag/smartphone/page/4/index.html]
[foxiz.themeruby.com/tech/wp-json/wp/v2/tags/19.json]
[foxiz.themeruby.com/tech/tag/top-10/feed/index.html]
[foxiz.themeruby.com/tech/wp-login8510.html]
[foxiz.themeruby.com/tech/tag/top-10/index.html]
[foxiz.themeruby.com/tech/tag/top-10.html]
[foxiz.themeruby.com/tech/tag/top-10/page/2/index.html]
[foxiz.themeruby.com/tech/tag/top-10/page/3/index.html]
[foxiz.themeruby.com/tech/tag/top-10/page/4/index.html]
[foxiz.themeruby.com/tech/top-tech-trends-great-gadgets-to-help-you.html]
[foxiz.themeruby.com/tech/indexbd8b.html]
[foxiz.themeruby.com/tech/wp-login625c.html]
[foxiz.themeruby.com/tech/wp-json/wp/v2/posts/1513.json]
[foxiz.themeruby.com/tech/choose-a-best-headphone-for-make-your-life-brighter/feed/index.html]
[foxiz.themeruby.com/tech/wp-json/oembed/1.0/embed60ce.json]
[foxiz.themeruby.com/tech/wp-json/oembed/1.0/embed2f3f]
[foxiz.themeruby.com/tech/wp-loginbb35.html]
[foxiz.themeruby.com/tech/wp-content/uploads/sites/3/2021/12/32.jpg]
[foxiz.themeruby.com/tech/choose-a-best-headphone-for-make-your-life-brighter/index.html]
[foxiz.themeruby.com/tech/choose-a-best-headphone-for-make-your-life-brighter.html]
[foxiz.themeruby.com/tech/part-time-trading-on-forex-as-an-alternative-income.html]
[foxiz.themeruby.com/tech/index48a5.html]
[foxiz.themeruby.com/tech/wp-login5e94.html]
[foxiz.themeruby.com/tech/top-10-best-portable-bluetooth-speakers-for-summer-fun.html]
[foxiz.themeruby.com/tech/index5002.html]
[foxiz.themeruby.com/tech/wp-loginf687.html]
[foxiz.themeruby.com/tech/apple-jul-announcement-what-a-refresh-for-macbook.html]
[foxiz.themeruby.com/tech/index74a1.html]
[foxiz.themeruby.com/tech/wp-loginf7e5.html]
[foxiz.themeruby.com/tech/advantages-and-disadvantages-of-having-smartphone.html]
[foxiz.themeruby.com/tech/wp-logincc02.html]
[foxiz.themeruby.com/tech/category/gadget/create/feed/index.html]
[foxiz.themeruby.com/tech/wp-json/wp/v2/categories/42.json]
[foxiz.themeruby.com/tech/wp-login7921.html]
[foxiz.themeruby.com/tech/wp-content/uploads/sites/3/2022/02/ct20.jpg]
[foxiz.themeruby.com/tech/category/gadget/create/index.html]
[foxiz.themeruby.com/tech/category/gadget/create.html]
[foxiz.themeruby.com/tech/wp-json/wp/v2/categories/41.json]
[foxiz.themeruby.com/tech/category/gadget/design/feed/index.html]
[foxiz.themeruby.com/tech/wp-loginc786.html]
[foxiz.themeruby.com/tech/wp-content/uploads/sites/3/2022/02/ct16.jpg]
[foxiz.themeruby.com/tech/category/gadget/design/index.html]
[foxiz.themeruby.com/tech/category/gadget/design.html]
[foxiz.themeruby.com/tech/wp-json/wp/v2/categories/44.json]
[foxiz.themeruby.com/tech/category/gadget/device/feed/index.html]
[foxiz.themeruby.com/tech/wp-loginf4ea.html]
[foxiz.themeruby.com/tech/category/gadget/device/index.html]
[foxiz.themeruby.com/tech/category/gadget/device.html]
[foxiz.themeruby.com/tech/wp-json/wp/v2/categories/43.json]
[foxiz.themeruby.com/tech/category/gadget/software/feed/index.html]
[foxiz.themeruby.com/tech/wp-loginefd5.html]
[foxiz.themeruby.com/tech/wp-content/uploads/sites/3/2022/02/ct18.jpg]
[foxiz.themeruby.com/tech/category/gadget/software/index.html]
[foxiz.themeruby.com/tech/category/gadget/software.html]
[foxiz.themeruby.com/tech/wp-loginf9f4.html]
[foxiz.themeruby.com/tech/wp-content/uploads/sites/3/2021/12/t15-330x220.jpg]
[foxiz.themeruby.com/tech/category/gadget/page/2/index.html]
[foxiz.themeruby.com/tech/index1a78.html]
[foxiz.themeruby.com/tech/wp-login3143.html]
[foxiz.themeruby.com/tech/best-fujifilm-cameras-for-every-photographer.html]
[foxiz.themeruby.com/tech/index582f.html]
[foxiz.themeruby.com/tech/wp-login84e5.html]
[foxiz.themeruby.com/tech/canon-eos-5d-mark-iv-full-frame-digital-slr-camera.html]
[foxiz.themeruby.com/tech/index7329.html]
[foxiz.themeruby.com/tech/wp-login7f9f.html]
[foxiz.themeruby.com/tech/seeking-suggestions-regarding-headsets-for-conference-interpreters.html]
[foxiz.themeruby.com/tech/indexaca3.html]
[foxiz.themeruby.com/tech/wp-loginf7bd.html]
[foxiz.themeruby.com/tech/portable-bluetooth-speakersthat-can-go-literally-anywhere.html]
[foxiz.themeruby.com/tech/index8aa6.html]
[foxiz.themeruby.com/tech/wp-login44d2.html]
[foxiz.themeruby.com/tech/wp-json/wp/v2/tags/50.json]
[foxiz.themeruby.com/tech/tag/hot/feed/index.html]
[foxiz.themeruby.com/tech/wp-login3c15.html]
[foxiz.themeruby.com/tech/wp-content/uploads/sites/3/2021/12/t45-420x280.jpg]
[foxiz.themeruby.com/tech/tag/hot/index.html]
[foxiz.themeruby.com/tech/tag/hot.html]
[foxiz.themeruby.com/tech/should-i-replace-my-upright-vacuum-with-a-cleaning-robot.html]
[foxiz.themeruby.com/tech/indexaf1d.html]
[foxiz.themeruby.com/tech/wp-loginb548.html]
[foxiz.themeruby.com/tech/heres-why-business-needs-a-mobile-friendly-website/index6809.html]
[foxiz.themeruby.com/tech/heres-why-business-needs-a-mobile-friendly-website/index3094.html]
[foxiz.themeruby.com/tech/heres-why-business-needs-a-mobile-friendly-website/index0e22.html]
[foxiz.themeruby.com/tech/heres-why-business-needs-a-mobile-friendly-website.html]
[foxiz.themeruby.com/tech/index99b7.html]
[foxiz.themeruby.com/tech/wp-loginee6a.html]
[foxiz.themeruby.com/tech/how-to-buy-a-best-smartwatch-or-fitness-tracker-right-now.html]
[foxiz.themeruby.com/tech/index9eff.html]
[foxiz.themeruby.com/tech/wp-login6dc7.html]
[foxiz.themeruby.com/tech/ai-chips-that-made-it-to-the-market-in-2022.html]
[foxiz.themeruby.com/tech/index071e.html]
[foxiz.themeruby.com/tech/wp-loginbf1b.html]
[foxiz.themeruby.com/tech/start-a-digital-marketing-website-for-your-service.html]
[foxiz.themeruby.com/tech/index9f53.html]
[foxiz.themeruby.com/tech/wp-login7a1c.html]
[foxiz.themeruby.com/tech/bluetooth-technology-work-in-tandem-for-indoor-positioning-system.html]
[foxiz.themeruby.com/tech/index6cf2.html]
[foxiz.themeruby.com/tech/wp-loginc7a3.html]
[foxiz.themeruby.com/tech/ways-to-play-music-using-your-amazon-echo.html]
[foxiz.themeruby.com/tech/indexb39e.html]
[foxiz.themeruby.com/tech/wp-loginadc5.html]
[foxiz.themeruby.com/tech/top-rated-products-in-wireless-portable-bluetooth-speakers.html]
[foxiz.themeruby.com/tech/indexcf6d.html]
[foxiz.themeruby.com/tech/wp-login19ec.html]
[foxiz.themeruby.com/tech/10-reasons-to-choose-playstation-5-as-your-next-console.html]
[foxiz.themeruby.com/tech/indexbd0a.html]
[foxiz.themeruby.com/tech/wp-login8f2d.html]
[foxiz.themeruby.com/tech/archt-audio-debuts-it-is-new-mini-wireless-speaker.html]
[foxiz.themeruby.com/tech/index7221.html]
[foxiz.themeruby.com/tech/wp-login0e88.html]
[foxiz.themeruby.com/tech/best-beaches-in-the-uk-for-the-perfect-sandy-getaway.html]
[foxiz.themeruby.com/tech/indexd81c.html]
[foxiz.themeruby.com/tech/wp-loginc727.html]
[foxiz.themeruby.com/tech/linkedin-launches-new-formats-for-live-events.html]
[foxiz.themeruby.com/tech/index8fe5.html]
[foxiz.themeruby.com/tech/wp-login0919.html]
[foxiz.themeruby.com/tech/top-10-largest-hot-high-quality-earphone-handsfree.html]
[foxiz.themeruby.com/tech/index3492.html]
[foxiz.themeruby.com/tech/wp-login044b.html]
[foxiz.themeruby.com/tech/the-samsung-galaxy-s21-ultra-5g-awarded-best-smartphone.html]
[foxiz.themeruby.com/tech/index8df3.html]
[foxiz.themeruby.com/tech/wp-login7e09.html]
[foxiz.themeruby.com/tech/apples-iphone-13-the-best-value-buy-among-all-iphones.html]
[foxiz.themeruby.com/tech/indexd21a.html]
[foxiz.themeruby.com/tech/wp-logine295.html]
[foxiz.themeruby.com/tech/apple-iphone-13-pro-battery-highly-efficient-device.html]
[foxiz.themeruby.com/tech/indexd15f.html]
[foxiz.themeruby.com/tech/wp-login4488.html]
[foxiz.themeruby.com/tech/future-changes-shape-express-yourself-with-galaxy-z-flip.html]
[foxiz.themeruby.com/tech/index39a7.html]
[foxiz.themeruby.com/tech/wp-logine222.html]
[foxiz.themeruby.com/tech/catch-the-best-iphone-13-deals-plus-your-favorite-gadgets.html]
[foxiz.themeruby.com/tech/index4ecd.html]
[foxiz.themeruby.com/tech/wp-logind311.html]
[foxiz.themeruby.com/tech/sw-tech-shows-the-future-of-next-gen-vr-with-prototype-headset.html]
[foxiz.themeruby.com/tech/index9e5e.html]
[foxiz.themeruby.com/tech/wp-login061f.html]
[foxiz.themeruby.com/tech/5-ways-to-manage-your-spending-on-multiple-credit-cards.html]
[foxiz.themeruby.com/tech/indexa63d.html]
[foxiz.themeruby.com/tech/wp-loginfcad.html]
[foxiz.themeruby.com/tech/iphone-13-mini-review-the-small-phone-thats-actually-good.html]
[foxiz.themeruby.com/tech/wp-login7719.html]
[foxiz.themeruby.com/tech/wp-loginf9c2.html]
[foxiz.themeruby.com/tech/blog/page/2/index.html]
[foxiz.themeruby.com/tech/wp-login8111.html]
[foxiz.themeruby.com/tech/wp-content/uploads/sites/3/2021/12/18-330x220.jpg]
[foxiz.themeruby.com/tech/wp-content/uploads/sites/3/2021/12/32-330x220.jpg]
[foxiz.themeruby.com/tech/blog/page/3/index.html]
[foxiz.themeruby.com/tech/wp-loginf097.html]
[foxiz.themeruby.com/tech/wp-content/uploads/sites/3/2021/12/22-330x220.jpg]
[foxiz.themeruby.com/tech/wp-content/uploads/sites/3/2021/12/t45-330x220.jpg]
[foxiz.themeruby.com/tech/blog/page/4/index.html]
[foxiz.themeruby.com/tech/blog/page/5/index.html]
[foxiz.themeruby.com/tech/index69b9.html]
[foxiz.themeruby.com/tech/wp-login4e0c.html]
[foxiz.themeruby.com/tech/contact.html]
[foxiz.themeruby.com/tech/wp-logine4d0.html]
[foxiz.themeruby.com/tech/wp-logind93c.html]
[foxiz.themeruby.com/tech/page/2/index623c.html]
[foxiz.themeruby.com/tech/wp-login1e6c.html]
[foxiz.themeruby.com/tech/page/3/index623c.html]
[foxiz.themeruby.com/tech/page/2/index.html]
[foxiz.themeruby.com/tech/wp-login28c2.html]
[foxiz.themeruby.com/tech/page/4/index623c.html]
[foxiz.themeruby.com/tech/page/3/index.html]
[foxiz.themeruby.com/tech/wp-logine821.html]
[foxiz.themeruby.com/tech/page/5/index623c.html]
[foxiz.themeruby.com/tech/indexdc2c.html]
[foxiz.themeruby.com/tech/wp-login7110.html]
[foxiz.themeruby.com/tech/customize-interests/_data_image/svg+xml,_svg xmlns='http_/www.w3.org/2000/svg' preserveAspectRatio='none' overflow='visib/__/svg__.html]
[foxiz.themeruby.com/tech/page/4/index.html]
[foxiz.themeruby.com/tech/wp-json/wp/v2/categories/37.json]
[foxiz.themeruby.com/tech/wp-login250b.html]
[foxiz.themeruby.com/tech/category/tech-news/branding/feed/index.html]
[foxiz.themeruby.com/tech/wp-content/uploads/sites/3/2022/02/ct12.jpg]
[foxiz.themeruby.com/tech/category/tech-news/branding/index.html]
[foxiz.themeruby.com/tech/page/5/index.html]
[foxiz.themeruby.com/tech/category/tech-news/branding.html]
[foxiz.themeruby.com/tech/wp-json/wp/v2/categories/38.json]
[foxiz.themeruby.com/tech/category/tech-news/investment/feed/index.html]
[foxiz.themeruby.com/tech/wp-logine630.html]
[foxiz.themeruby.com/tech/wp-content/uploads/sites/3/2022/02/ct15.jpg]
[foxiz.themeruby.com/tech/category/tech-news/investment/index.html]
[foxiz.themeruby.com/tech/category/tech-news/investment.html]
[foxiz.themeruby.com/tech/wp-json/wp/v2/categories/40.json]
[foxiz.themeruby.com/tech/category/tech-news/appliance/feed/index.html]
[foxiz.themeruby.com/tech/wp-logind016.html]
[foxiz.themeruby.com/tech/wp-content/uploads/sites/3/2022/02/ct13.jpg]
[foxiz.themeruby.com/tech/category/tech-news/appliance/index.html]
[foxiz.themeruby.com/tech/category/tech-news/appliance.html]
[foxiz.themeruby.com/tech/wp-json/wp/v2/categories/39.json]
[foxiz.themeruby.com/tech/category/tech-news/marketing/feed/index.html]
[foxiz.themeruby.com/tech/wp-loginf1c3.html]
[foxiz.themeruby.com/tech/wp-content/uploads/sites/3/2022/02/ct14.jpg]
[foxiz.themeruby.com/tech/category/tech-news/marketing/index.html]
[foxiz.themeruby.com/tech/category/tech-news/marketing.html]
[foxiz.themeruby.com/tech/customize-interests.html]
[foxiz.themeruby.com/tech/indexcef9.html]
[foxiz.themeruby.com/tech/wp-login2770.html]
[foxiz.themeruby.com/tech/my-bookmarks.html]
[foxiz.themeruby.com/tech/wp-includes/fonts/dashicons7d4b.eot]
[foxiz.themeruby.com/tech/wp-includes/fonts/dashicons7d4b.ttf]
[foxiz.themeruby.com/tech/wp-includes/css/dashicons.min6a4d.css]
[foxiz.themeruby.com/tech/wp-includes/css/buttons.min6a4d.css]
[foxiz.themeruby.com/tech/wp-admin/images/loading.gif]
[foxiz.themeruby.com/tech/wp-admin/css/forms.min6a4d.css]
[foxiz.themeruby.com/tech/wp-admin/css/l10n.min6a4d.css]
[foxiz.themeruby.com/tech/wp-admin/images/w-logo-blue7a53.png]
[foxiz.themeruby.com/tech/wp-admin/css/login.min6a4d.css]
[foxiz.themeruby.com/tech/wp-content/plugins/foxiz-core/assets/admin-screen93f6.css]
[foxiz.themeruby.com/tech/index4152.html]
[foxiz.themeruby.com/tech/wp-login3f9b.html]
[foxiz.themeruby.com/tech/are-smartwatches-the-future-of-wearable-devices.html]
[foxiz.themeruby.com/tech/wp-login758d.html]
[foxiz.themeruby.com/tech/wp-admin/images/wordpress-logo7d6b.svg]
[foxiz.themeruby.com/tech/category/tech-news/page/2/index.html]
[foxiz.themeruby.com/tech/wp-logind137.html]
[foxiz.themeruby.com/tech/wp-login7b42.html]
[foxiz.themeruby.com/tech/wp-login1261.html]
[foxiz.themeruby.com/tech/wp-login5085.html]
[foxiz.themeruby.com/tech/author/technology/page/2/index.html]
[foxiz.themeruby.com/tech/author/technology/page/2.html]
[foxiz.themeruby.com/tech/wp-login3c17.html]
[foxiz.themeruby.com/tech/wp-content/uploads/sites/3/2021/12/t1-420x280.jpg]
[foxiz.themeruby.com/tech/wp-content/uploads/sites/3/2021/12/34-420x280.jpg]
[foxiz.themeruby.com/tech/wp-content/uploads/sites/3/2021/12/10-420x280.jpg]
[foxiz.themeruby.com/tech/wp-content/uploads/sites/3/2021/12/32-420x280.jpg]
[foxiz.themeruby.com/tech/author/technology/page/3/index.html]
[foxiz.themeruby.com/tech/author/technology/page/3.html]
[foxiz.themeruby.com/tech/wp-login10e2.html]
[foxiz.themeruby.com/tech/wp-content/uploads/sites/3/2021/12/t19-420x280.jpg]
[foxiz.themeruby.com/tech/wp-content/uploads/sites/3/2021/12/t15-420x280.jpg]
[foxiz.themeruby.com/tech/author/technology/page/4/index.html]
[foxiz.themeruby.com/tech/author/technology/page/4.html]
[foxiz.themeruby.com/tech/wp-login4e32.html]
[foxiz.themeruby.com/tech/wp-content/uploads/sites/3/2022/02/t42-420x280.jpg]
[foxiz.themeruby.com/tech/author/technology/page/5/index.html]
[foxiz.themeruby.com/tech/author/technology.html]
[foxiz.themeruby.com/tech/index2bee.html]
[foxiz.themeruby.com/tech/wp-login9d50.html]
[foxiz.themeruby.com/tech/the-4-best-laptops-in-2021-for-work-general-use.html]
[foxiz.themeruby.com/tech/wp-login.html]
[foxiz.themeruby.com/tech/wp-content/plugins/elementor/assets/lib/eicons/fonts/eicons1075.eot]
[foxiz.themeruby.com/tech/wp-content/themes/foxiz/assets/fonts/iconscb41.ttf]
[foxiz.themeruby.com/tech/index553d.html]
[foxiz.themeruby.com/tech/wp-login7585.html]
[foxiz.themeruby.com/tech/samsung-galaxy-s21-colors-every-shade-available.html]
[foxiz.themeruby.com/tech/index6fe6.html]
[foxiz.themeruby.com/tech/wp-logine15b.html]
[foxiz.themeruby.com/tech/how-tiktok-is-affecting-youth-positive-and-negative-effects.html]
[foxiz.themeruby.com/tech/wp-loginbbbe.html]
[foxiz.themeruby.com/tech/category/technology/computer.html]
[foxiz.themeruby.com/tech/wp-login91fd.html]
[foxiz.themeruby.com/tech/category/technology/electronics.html]
[foxiz.themeruby.com/tech/wp-login89cd.html]
[foxiz.themeruby.com/tech/category/technology/innovation.html]
[foxiz.themeruby.com/tech/wp-loginb6bd.html]
[foxiz.themeruby.com/tech/category/technology/smartphone.html]
[foxiz.themeruby.com/tech/wp-loginf86c.html]
[foxiz.themeruby.com/tech/author/technology/page/5.html]
[foxiz.themeruby.com/tech/wp-login48d0.html]
[foxiz.themeruby.com/tech/tag/opinions/page/2/index.html]
[foxiz.themeruby.com/tech/tag/opinions/page/2.html]
[foxiz.themeruby.com/tech/wp-login66f7.html]
[foxiz.themeruby.com/tech/tag/opinions/page/3/index.html]
[foxiz.themeruby.com/tech/tag/opinions/page/3.html]
[foxiz.themeruby.com/tech/wp-login2773.html]
[foxiz.themeruby.com/tech/tag/opinions/page/4/index.html]
[foxiz.themeruby.com/tech/tag/opinions.html]
[foxiz.themeruby.com/tech/wp-login4dc2.html]
[foxiz.themeruby.com/tech/tag/opinions/page/4.html]
[foxiz.themeruby.com/tech/wp-login8cbb.html]
[foxiz.themeruby.com/tech/tag/smartphone/page/2/index.html]
[foxiz.themeruby.com/tech/tag/smartphone/page/2.html]
[foxiz.themeruby.com/tech/wp-loginf09c.html]
[foxiz.themeruby.com/tech/tag/smartphone/page/3/index.html]
[foxiz.themeruby.com/tech/tag/smartphone/page/3.html]
[foxiz.themeruby.com/tech/wp-logind693.html]
[foxiz.themeruby.com/tech/tag/smartphone/page/4/index.html]
[foxiz.themeruby.com/tech/tag/smartphone.html]
[foxiz.themeruby.com/tech/wp-login8510.html]
[foxiz.themeruby.com/tech/tag/smartphone/page/4.html]
[foxiz.themeruby.com/tech/wp-loginf700.html]
[foxiz.themeruby.com/tech/tag/top-10/page/2/index.html]
[foxiz.themeruby.com/tech/tag/top-10/page/2.html]
[foxiz.themeruby.com/tech/wp-login8cea.html]
[foxiz.themeruby.com/tech/tag/top-10/page/3/index.html]
[foxiz.themeruby.com/tech/tag/top-10/page/3.html]
[foxiz.themeruby.com/tech/wp-loginf9fc.html]
[foxiz.themeruby.com/tech/tag/top-10/page/4/index.html]
[foxiz.themeruby.com/tech/tag/top-10.html]
[foxiz.themeruby.com/tech/indexb95d.html]
[foxiz.themeruby.com/tech/wp-loginbb35.html]
[foxiz.themeruby.com/tech/choose-a-best-headphone-for-make-your-life-brighter.html]
[foxiz.themeruby.com/tech/wp-login7921.html]
[foxiz.themeruby.com/tech/category/gadget/create.html]
[foxiz.themeruby.com/tech/wp-loginc786.html]
[foxiz.themeruby.com/tech/category/gadget/design.html]
[foxiz.themeruby.com/tech/wp-loginf4ea.html]
[foxiz.themeruby.com/tech/category/gadget/device.html]
[foxiz.themeruby.com/tech/wp-loginefd5.html]
[foxiz.themeruby.com/tech/category/gadget/software.html]
[foxiz.themeruby.com/tech/wp-loginf9f4.html]
[foxiz.themeruby.com/tech/wp-login3c15.html]
[foxiz.themeruby.com/tech/tag/hot.html]
[foxiz.themeruby.com/tech/wp-loginf9c2.html]
[foxiz.themeruby.com/tech/wp-login8111.html]
[foxiz.themeruby.com/tech/wp-loginf097.html]
[foxiz.themeruby.com/tech/wp-logine4d0.html]
[foxiz.themeruby.com/tech/wp-logind93c.html]
[foxiz.themeruby.com/tech/page/2/index.html]
[foxiz.themeruby.com/tech/wp-login1e6c.html]
[foxiz.themeruby.com/tech/page/3/index.html]
[foxiz.themeruby.com/tech/wp-login28c2.html]
[foxiz.themeruby.com/tech/tag/top-10/page/4.html]
[foxiz.themeruby.com/tech/page/4/index.html]
[foxiz.themeruby.com/tech/wp-logine821.html]
[foxiz.themeruby.com/tech/2/index.html]
[foxiz.themeruby.com/tech/page/5/index.html]
[foxiz.themeruby.com/tech/wp-login250b.html]
[foxiz.themeruby.com/tech/category/tech-news/branding.html]
[foxiz.themeruby.com/tech/wp-logine630.html]
[foxiz.themeruby.com/tech/category/tech-news/investment.html]
[foxiz.themeruby.com/tech/wp-logind016.html]
[foxiz.themeruby.com/tech/category/tech-news/appliance.html]
[foxiz.themeruby.com/tech/wp-loginf1c3.html]
[foxiz.themeruby.com/tech/category/tech-news/marketing.html]
[foxiz.themeruby.com/tech/_data_image/svg+xml,_svg xmlns='http_/www.w3.org/2000/svg' preserveAspectRatio='none' overflow='visib/__/svg__.html]
[foxiz.themeruby.com/tech/wp-admin/images/wordpress-logo7d6b.svg]
[foxiz.themeruby.com/tech/wp-login1261.html]
[foxiz.themeruby.com/tech/wp-login5085.html]
[foxiz.themeruby.com/tech/author/technology/page/2.html]
[foxiz.themeruby.com/tech/wp-login3c17.html]
[foxiz.themeruby.com/tech/author/technology/page/3.html]
[foxiz.themeruby.com/tech/wp-login10e2.html]
[foxiz.themeruby.com/tech/author/technology/page/4.html]
[foxiz.themeruby.com/tech/wp-login4e32.html]
[foxiz.themeruby.com/tech/author/technology/page/5.html]
[foxiz.themeruby.com/tech/wp-login48d0.html]
[foxiz.themeruby.com/tech/tag/opinions/page/2.html]
[foxiz.themeruby.com/tech/wp-login66f7.html]
[foxiz.themeruby.com/tech/tag/opinions/page/3.html]
[foxiz.themeruby.com/tech/wp-login2773.html]
[foxiz.themeruby.com/tech/tag/opinions/page/4.html]
[foxiz.themeruby.com/tech/wp-login8cbb.html]
[foxiz.themeruby.com/tech/tag/smartphone/page/2.html]
[foxiz.themeruby.com/tech/wp-loginf09c.html]
[foxiz.themeruby.com/tech/tag/smartphone/page/3.html]
[foxiz.themeruby.com/tech/wp-logind693.html]
[foxiz.themeruby.com/tech/tag/smartphone/page/4.html]
[foxiz.themeruby.com/tech/wp-loginf700.html]
[foxiz.themeruby.com/tech/tag/top-10/page/2.html]
[foxiz.themeruby.com/tech/wp-login8cea.html]
[foxiz.themeruby.com/tech/tag/top-10/page/3.html]
[foxiz.themeruby.com/tech/wp-loginf9fc.html]
[foxiz.themeruby.com/tech/tag/top-10/page/4.html]
[foxiz.themeruby.com/tech/2/index.html]
[foxiz.themeruby.com/tech/3/index.html]
[foxiz.themeruby.com/tech/3/index.html]
[foxiz.themeruby.com/tech/4/index.html]
[foxiz.themeruby.com/tech/4/index.html]
[foxiz.themeruby.com/tech/5/index.html]
